[I][2025-12-14 13:20:59:541]-[COBSCWorker]-********************************************************
[I][2025-12-14 13:20:59:547]-[COBSCWorker]-UpgradeType[UpgradeBin] PKGVERSION[] ,Service Started!ID[0x548f10ff] VERSION[], SIP[192.168.100.22] DIP[99.0.0.224] FRSIZE[1200] FRINTERV[10 MS], PKSIZE[115403] PKCRC[0x91c40c4f],FlashMode[MainAndBack] DeleteCfg[false] ,MachineFilter[8888888888] CheckPolicy[DefaultCheckPolicy] AuditPolicy[DefaultAudit] BomCode[] LogLevel[0].
[I][2025-12-14 13:20:59:549]-[COBSCWorker]-Server Start :MachineManageWorker
[I][2025-12-14 13:20:59:549]-[COBSCWorker]-Server Start :CtrlWorker
[I][2025-12-14 13:20:59:549]-[COBSCWorker]-Server Start :DataWorker
[I][2025-12-14 13:20:59:621]-[CMachineManage]-[AG24B1552398 00E0-FC55-2398 2150088318AGQB003169] recv, Len:252 ,PkgType:ONT_21_PKG ,MsgType:0
[I][2025-12-14 13:20:59:621]-[COBSCWorker]-[AG24B1552398 00E0-FC55-2398 2150088318AGQB003169] [start] recv,result:0x0
[I][2025-12-14 13:20:59:621]-[COBSCWorker]-[AG24B1552398 00E0-FC55-2398 2150088318AGQB003169] check result:0
[I][2025-12-14 13:20:59:621]-[COBSCWorker]-[AG24B1552398 00E0-FC55-2398 2150088318AGQB003169] [start] send
[I][2025-12-14 13:20:59:908]-[CMachineManage]-[AG24B1552398 00E0-FC55-2398 2150088318AGQB003169] recv, Len:252 ,PkgType:ONT_21_PKG ,MsgType:0
[I][2025-12-14 13:20:59:908]-[COBSCWorker]-[AG24B1552398 00E0-FC55-2398 2150088318AGQB003169] [start] recv,result:0x0
[I][2025-12-14 13:20:59:908]-[COBSCWorker]-[AG24B1552398 00E0-FC55-2398 2150088318AGQB003169] check result:0
[I][2025-12-14 13:20:59:908]-[COBSCWorker]-[AG24B1552398 00E0-FC55-2398 2150088318AGQB003169] [start] send
[I][2025-12-14 13:21:22:534]-[CMachineManage]-[AG24B1552398 00E0-FC55-2398 2150088318AGQB003169] recv, Len:252 , PkgType:ONT_21_PKG ,MsgType:2
[I][2025-12-14 13:21:22:547]-[COBSCWorker]-[AG24B1552398 00E0-FC55-2398 2150088318AGQB003169] [end] recv,result:0x0
[I][2025-12-14 13:21:22:547]-[COBSCWorker]-[AG24B1552398 00E0-FC55-2398 2150088318AGQB003169] [end] send
[I][2025-12-14 13:21:32:564]-[COBSCWorker]-Server stop :MachineManageWorker
[W][2025-12-14 13:21:32:590]-[CMachineManage]-RecvPacket Error: 0 , Len : 11
[I][2025-12-14 13:21:32:590]-[COBSCWorker]-Server stop :CtrlWorker
[I][2025-12-14 13:21:32:621]-[COBSCWorker]-Server stop :DataWorker
[I][2025-12-14 13:27:16:962]-[COBSCWorker]-********************************************************
[I][2025-12-14 13:27:16:966]-[COBSCWorker]-UpgradeType[CloseTelnet] PKGVERSION[Ext] ,Service Started!ID[0xe5b4e9b2] VERSION[], SIP[192.168.100.22] DIP[99.0.0.224] FRSIZE[1200] FRINTERV[10 MS], PKSIZE[26765] PKCRC[0x7d27e502],FlashMode[MainAndBack] DeleteCfg[false] ,MachineFilter[8888888888] CheckPolicy[DefaultCheckPolicy] AuditPolicy[DefaultAudit] BomCode[] LogLevel[0].
[I][2025-12-14 13:27:16:968]-[COBSCWorker]-Server Start :MachineManageWorker
[I][2025-12-14 13:27:16:968]-[COBSCWorker]-Server Start :CtrlWorker
[I][2025-12-14 13:27:16:968]-[COBSCWorker]-Server Start :DataWorker
[I][2025-12-14 13:27:17:049]-[CMachineManage]-[AG24B1552398 00E0-FC55-2398 2150088318AGQB003169] recv, Len:252 ,PkgType:ONT_21_PKG ,MsgType:0
[I][2025-12-14 13:27:17:049]-[COBSCWorker]-[AG24B1552398 00E0-FC55-2398 2150088318AGQB003169] [start] recv,result:0x0
[I][2025-12-14 13:27:17:049]-[COBSCWorker]-[AG24B1552398 00E0-FC55-2398 2150088318AGQB003169] check result:0
[I][2025-12-14 13:27:17:049]-[COBSCWorker]-[AG24B1552398 00E0-FC55-2398 2150088318AGQB003169] [start] send
[I][2025-12-14 13:27:17:343]-[CMachineManage]-[AG24B1552398 00E0-FC55-2398 2150088318AGQB003169] recv, Len:252 ,PkgType:ONT_21_PKG ,MsgType:0
[I][2025-12-14 13:27:17:343]-[COBSCWorker]-[AG24B1552398 00E0-FC55-2398 2150088318AGQB003169] [start] recv,result:0x0
[I][2025-12-14 13:27:17:343]-[COBSCWorker]-[AG24B1552398 00E0-FC55-2398 2150088318AGQB003169] check result:0
[I][2025-12-14 13:27:17:343]-[COBSCWorker]-[AG24B1552398 00E0-FC55-2398 2150088318AGQB003169] [start] send
[I][2025-12-14 13:27:28:534]-[CMachineManage]-[AG24B1552398 00E0-FC55-2398 2150088318AGQB003169] recv, Len:252 , PkgType:ONT_21_PKG ,MsgType:2
[I][2025-12-14 13:27:28:540]-[COBSCWorker]-[AG24B1552398 00E0-FC55-2398 2150088318AGQB003169] [end] recv,result:0xf720404e
[I][2025-12-14 13:27:28:545]-[CMachineManage]-[AG24B1552398 00E0-FC55-2398 2150088318AGQB003169] recv, Len:252 ,PkgType:ONT_21_PKG ,MsgType:0
[I][2025-12-14 13:27:28:545]-[COBSCWorker]-[AG24B1552398 00E0-FC55-2398 2150088318AGQB003169] [start] recv,result:0x0
[I][2025-12-14 13:27:28:545]-[COBSCWorker]-[AG24B1552398 00E0-FC55-2398 2150088318AGQB003169] check result:0
[I][2025-12-14 13:27:28:545]-[COBSCWorker]-[AG24B1552398 00E0-FC55-2398 2150088318AGQB003169] [start] send
[I][2025-12-14 13:27:28:852]-[CMachineManage]-[AG24B1552398 00E0-FC55-2398 2150088318AGQB003169] recv, Len:252 ,PkgType:ONT_21_PKG ,MsgType:0
[I][2025-12-14 13:27:28:852]-[COBSCWorker]-[AG24B1552398 00E0-FC55-2398 2150088318AGQB003169] [start] recv,result:0x0
[I][2025-12-14 13:27:28:852]-[COBSCWorker]-[AG24B1552398 00E0-FC55-2398 2150088318AGQB003169] check result:0
[I][2025-12-14 13:27:28:852]-[COBSCWorker]-[AG24B1552398 00E0-FC55-2398 2150088318AGQB003169] [start] send
[I][2025-12-14 13:27:40:043]-[CMachineManage]-[AG24B1552398 00E0-FC55-2398 2150088318AGQB003169] recv, Len:252 , PkgType:ONT_21_PKG ,MsgType:2
[I][2025-12-14 13:27:40:043]-[COBSCWorker]-[AG24B1552398 00E0-FC55-2398 2150088318AGQB003169] [end] recv,result:0xf720404e
[I][2025-12-14 13:27:40:049]-[CMachineManage]-[AG24B1552398 00E0-FC55-2398 2150088318AGQB003169] recv, Len:252 ,PkgType:ONT_21_PKG ,MsgType:0
[I][2025-12-14 13:27:40:049]-[COBSCWorker]-[AG24B1552398 00E0-FC55-2398 2150088318AGQB003169] [start] recv,result:0x0
[I][2025-12-14 13:27:40:049]-[COBSCWorker]-[AG24B1552398 00E0-FC55-2398 2150088318AGQB003169] check result:0
[I][2025-12-14 13:27:40:049]-[COBSCWorker]-[AG24B1552398 00E0-FC55-2398 2150088318AGQB003169] [start] send
[I][2025-12-14 13:27:40:347]-[CMachineManage]-[AG24B1552398 00E0-FC55-2398 2150088318AGQB003169] recv, Len:252 ,PkgType:ONT_21_PKG ,MsgType:0
[I][2025-12-14 13:27:40:347]-[COBSCWorker]-[AG24B1552398 00E0-FC55-2398 2150088318AGQB003169] [start] recv,result:0x0
[I][2025-12-14 13:27:40:347]-[COBSCWorker]-[AG24B1552398 00E0-FC55-2398 2150088318AGQB003169] check result:0
[I][2025-12-14 13:27:40:349]-[COBSCWorker]-[AG24B1552398 00E0-FC55-2398 2150088318AGQB003169] [start] send
[I][2025-12-14 13:27:51:485]-[CMachineManage]-[AG24B1552398 00E0-FC55-2398 2150088318AGQB003169] recv, Len:252 , PkgType:ONT_21_PKG ,MsgType:2
[I][2025-12-14 13:27:51:490]-[COBSCWorker]-[AG24B1552398 00E0-FC55-2398 2150088318AGQB003169] [end] recv,result:0xf720404e
[I][2025-12-14 13:27:51:490]-[CMachineManage]-[AG24B1552398 00E0-FC55-2398 2150088318AGQB003169] recv, Len:252 ,PkgType:ONT_21_PKG ,MsgType:0
[I][2025-12-14 13:27:51:490]-[COBSCWorker]-[AG24B1552398 00E0-FC55-2398 2150088318AGQB003169] [start] recv,result:0x0
[I][2025-12-14 13:27:51:490]-[COBSCWorker]-[AG24B1552398 00E0-FC55-2398 2150088318AGQB003169] check result:0
[I][2025-12-14 13:27:51:490]-[COBSCWorker]-[AG24B1552398 00E0-FC55-2398 2150088318AGQB003169] [start] send
[I][2025-12-14 13:27:51:789]-[CMachineManage]-[AG24B1552398 00E0-FC55-2398 2150088318AGQB003169] recv, Len:252 ,PkgType:ONT_21_PKG ,MsgType:0
[I][2025-12-14 13:27:51:789]-[COBSCWorker]-[AG24B1552398 00E0-FC55-2398 2150088318AGQB003169] [start] recv,result:0x0
[I][2025-12-14 13:27:51:790]-[COBSCWorker]-[AG24B1552398 00E0-FC55-2398 2150088318AGQB003169] check result:0
[I][2025-12-14 13:27:51:790]-[COBSCWorker]-[AG24B1552398 00E0-FC55-2398 2150088318AGQB003169] [start] send
[I][2025-12-14 13:28:02:955]-[CMachineManage]-[AG24B1552398 00E0-FC55-2398 2150088318AGQB003169] recv, Len:252 , PkgType:ONT_21_PKG ,MsgType:2
[I][2025-12-14 13:28:02:955]-[COBSCWorker]-[AG24B1552398 00E0-FC55-2398 2150088318AGQB003169] [end] recv,result:0xf720404e
[I][2025-12-14 13:28:02:975]-[CMachineManage]-[AG24B1552398 00E0-FC55-2398 2150088318AGQB003169] recv, Len:252 ,PkgType:ONT_21_PKG ,MsgType:0
[I][2025-12-14 13:28:02:975]-[COBSCWorker]-[AG24B1552398 00E0-FC55-2398 2150088318AGQB003169] [start] recv,result:0x0
[I][2025-12-14 13:28:02:976]-[COBSCWorker]-[AG24B1552398 00E0-FC55-2398 2150088318AGQB003169] check result:0
[I][2025-12-14 13:28:02:977]-[COBSCWorker]-[AG24B1552398 00E0-FC55-2398 2150088318AGQB003169] [start] send
[I][2025-12-14 13:28:03:267]-[CMachineManage]-[AG24B1552398 00E0-FC55-2398 2150088318AGQB003169] recv, Len:252 ,PkgType:ONT_21_PKG ,MsgType:0
[I][2025-12-14 13:28:03:267]-[COBSCWorker]-[AG24B1552398 00E0-FC55-2398 2150088318AGQB003169] [start] recv,result:0x0
[I][2025-12-14 13:28:03:267]-[COBSCWorker]-[AG24B1552398 00E0-FC55-2398 2150088318AGQB003169] check result:0
[I][2025-12-14 13:28:03:267]-[COBSCWorker]-[AG24B1552398 00E0-FC55-2398 2150088318AGQB003169] [start] send
[I][2025-12-14 13:28:14:411]-[CMachineManage]-[AG24B1552398 00E0-FC55-2398 2150088318AGQB003169] recv, Len:252 , PkgType:ONT_21_PKG ,MsgType:2
[I][2025-12-14 13:28:14:418]-[COBSCWorker]-[AG24B1552398 00E0-FC55-2398 2150088318AGQB003169] [end] recv,result:0xf720404e
[I][2025-12-14 13:28:14:432]-[CMachineManage]-[AG24B1552398 00E0-FC55-2398 2150088318AGQB003169] recv, Len:252 ,PkgType:ONT_21_PKG ,MsgType:0
[I][2025-12-14 13:28:14:432]-[COBSCWorker]-[AG24B1552398 00E0-FC55-2398 2150088318AGQB003169] [start] recv,result:0x0
[I][2025-12-14 13:28:14:432]-[COBSCWorker]-[AG24B1552398 00E0-FC55-2398 2150088318AGQB003169] check result:0
[I][2025-12-14 13:28:14:432]-[COBSCWorker]-[AG24B1552398 00E0-FC55-2398 2150088318AGQB003169] [start] send
[I][2025-12-14 13:28:14:733]-[CMachineManage]-[AG24B1552398 00E0-FC55-2398 2150088318AGQB003169] recv, Len:252 ,PkgType:ONT_21_PKG ,MsgType:0
[I][2025-12-14 13:28:14:733]-[COBSCWorker]-[AG24B1552398 00E0-FC55-2398 2150088318AGQB003169] [start] recv,result:0x0
[I][2025-12-14 13:28:14:733]-[COBSCWorker]-[AG24B1552398 00E0-FC55-2398 2150088318AGQB003169] check result:0
[I][2025-12-14 13:28:14:733]-[COBSCWorker]-[AG24B1552398 00E0-FC55-2398 2150088318AGQB003169] [start] send
[I][2025-12-14 13:28:25:915]-[CMachineManage]-[AG24B1552398 00E0-FC55-2398 2150088318AGQB003169] recv, Len:252 , PkgType:ONT_21_PKG ,MsgType:2
[I][2025-12-14 13:28:25:915]-[COBSCWorker]-[AG24B1552398 00E0-FC55-2398 2150088318AGQB003169] [end] recv,result:0xf720404e
[I][2025-12-14 13:28:32:470]-[COBSCWorker]-Server stop :MachineManageWorker
[W][2025-12-14 13:28:32:503]-[CMachineManage]-RecvPacket Error: 0 , Len : 11
[I][2025-12-14 13:28:32:503]-[COBSCWorker]-Server stop :CtrlWorker
[I][2025-12-14 13:28:32:532]-[COBSCWorker]-Server stop :DataWorker
[I][2025-12-14 13:30:07:030]-[COBSCWorker]-********************************************************
[I][2025-12-14 13:30:07:030]-[COBSCWorker]-UpgradeType[UpgradeBin] PKGVERSION[] ,Service Started!ID[0x548f10ff] VERSION[], SIP[192.168.10.22] DIP[99.0.0.224] FRSIZE[1200] FRINTERV[10 MS], PKSIZE[115403] PKCRC[0x91c40c4f],FlashMode[MainAndBack] DeleteCfg[false] ,MachineFilter[8888888888] CheckPolicy[DefaultCheckPolicy] AuditPolicy[DefaultAudit] BomCode[] LogLevel[0].
[I][2025-12-14 13:30:07:030]-[COBSCWorker]-Server Start :MachineManageWorker
[I][2025-12-14 13:30:07:039]-[COBSCWorker]-Server Start :CtrlWorker
[I][2025-12-14 13:30:07:039]-[COBSCWorker]-Server Start :DataWorker
[I][2025-12-14 13:30:17:096]-[CMachineManage]-[LD24C4067785 4812-8FE4-4605 2150087618LDQC022015] recv, Len:252 ,PkgType:ONT_21_PKG ,MsgType:0
[I][2025-12-14 13:30:17:105]-[COBSCWorker]-[LD24C4067785 4812-8FE4-4605 2150087618LDQC022015] [start] recv,result:0x0
[I][2025-12-14 13:30:17:106]-[COBSCWorker]-[LD24C4067785 4812-8FE4-4605 2150087618LDQC022015] check result:0
[I][2025-12-14 13:30:17:106]-[COBSCWorker]-[LD24C4067785 4812-8FE4-4605 2150087618LDQC022015] [start] send
[I][2025-12-14 13:30:17:424]-[CMachineManage]-[LD24C4067785 4812-8FE4-4605 2150087618LDQC022015] recv, Len:252 ,PkgType:ONT_21_PKG ,MsgType:0
[I][2025-12-14 13:30:17:437]-[COBSCWorker]-[LD24C4067785 4812-8FE4-4605 2150087618LDQC022015] [start] recv,result:0x0
[I][2025-12-14 13:30:17:437]-[COBSCWorker]-[LD24C4067785 4812-8FE4-4605 2150087618LDQC022015] check result:0
[I][2025-12-14 13:30:17:437]-[COBSCWorker]-[LD24C4067785 4812-8FE4-4605 2150087618LDQC022015] [start] send
[I][2025-12-14 13:30:51:444]-[CMachineManage]-[LD24C4067785 4812-8FE4-4605 2150087618LDQC022015] recv, Len:252 , PkgType:ONT_21_PKG ,MsgType:2
[I][2025-12-14 13:30:51:457]-[COBSCWorker]-[LD24C4067785 4812-8FE4-4605 2150087618LDQC022015] [end] recv,result:0x0
[I][2025-12-14 13:30:51:457]-[COBSCWorker]-[LD24C4067785 4812-8FE4-4605 2150087618LDQC022015] [end] send
[I][2025-12-14 13:31:04:558]-[COBSCToolDlg]-please stop first
[I][2025-12-14 13:31:06:005]-[COBSCWorker]-Server stop :MachineManageWorker
[W][2025-12-14 13:31:06:036]-[CMachineManage]-RecvPacket Error: 0 , Len : 11
[I][2025-12-14 13:31:06:036]-[COBSCWorker]-Server stop :CtrlWorker
[I][2025-12-14 13:31:06:067]-[COBSCWorker]-Server stop :DataWorker
[I][2025-12-14 14:14:09:283]-[COBSCWorker]-********************************************************
[I][2025-12-14 14:14:09:284]-[COBSCWorker]-UpgradeType[UpgradeBin] PKGVERSION[] ,Service Started!ID[0x548f10ff] VERSION[], SIP[192.168.100.22] DIP[99.0.0.224] FRSIZE[1200] FRINTERV[10 MS], PKSIZE[115403] PKCRC[0x91c40c4f],FlashMode[MainAndBack] DeleteCfg[false] ,MachineFilter[8888888888] CheckPolicy[DefaultCheckPolicy] AuditPolicy[DefaultAudit] BomCode[] LogLevel[0].
[I][2025-12-14 14:14:09:284]-[COBSCWorker]-Server Start :MachineManageWorker
[I][2025-12-14 14:14:09:284]-[COBSCWorker]-Server Start :CtrlWorker
[I][2025-12-14 14:14:09:289]-[COBSCWorker]-Server Start :DataWorker
[I][2025-12-14 14:16:49:191]-[COBSCWorker]-Server stop :MachineManageWorker
[I][2025-12-14 14:16:49:219]-[COBSCWorker]-Server stop :CtrlWorker
[W][2025-12-14 14:16:49:219]-[CMachineManage]-RecvPacket Error: 0 , Len : 11
[I][2025-12-14 14:16:49:250]-[COBSCWorker]-Server stop :DataWorker
[I][2025-12-14 14:17:23:419]-[COBSCWorker]-********************************************************
[I][2025-12-14 14:17:23:419]-[COBSCWorker]-UpgradeType[UpgradeBin] PKGVERSION[] ,Service Started!ID[0x548f10ff] VERSION[], SIP[192.168.100.22] DIP[99.0.0.224] FRSIZE[1200] FRINTERV[10 MS], PKSIZE[115403] PKCRC[0x91c40c4f],FlashMode[MainAndBack] DeleteCfg[false] ,MachineFilter[8888888888] CheckPolicy[DefaultCheckPolicy] AuditPolicy[DefaultAudit] BomCode[] LogLevel[0].
[I][2025-12-14 14:17:23:419]-[COBSCWorker]-Server Start :MachineManageWorker
[I][2025-12-14 14:17:23:419]-[COBSCWorker]-Server Start :CtrlWorker
[I][2025-12-14 14:17:23:425]-[COBSCWorker]-Server Start :DataWorker
[I][2025-12-14 14:18:21:038]-[COBSCWorker]-Server stop :MachineManageWorker
[W][2025-12-14 14:18:21:063]-[CMachineManage]-RecvPacket Error: 0 , Len : 11
[I][2025-12-14 14:18:21:063]-[COBSCWorker]-Server stop :CtrlWorker
[I][2025-12-14 14:18:21:094]-[COBSCWorker]-Server stop :DataWorker
[I][2025-12-14 14:22:36:255]-[COBSCWorker]-********************************************************
[I][2025-12-14 14:22:36:255]-[COBSCWorker]-UpgradeType[UpgradeBin] PKGVERSION[] ,Service Started!ID[0x548f10ff] VERSION[], SIP[192.168.100.22] DIP[99.0.0.224] FRSIZE[1200] FRINTERV[10 MS], PKSIZE[115403] PKCRC[0x91c40c4f],FlashMode[MainAndBack] DeleteCfg[false] ,MachineFilter[8888888888] CheckPolicy[DefaultCheckPolicy] AuditPolicy[DefaultAudit] BomCode[] LogLevel[0].
[I][2025-12-14 14:22:36:255]-[COBSCWorker]-Server Start :MachineManageWorker
[I][2025-12-14 14:22:36:255]-[COBSCWorker]-Server Start :CtrlWorker
[I][2025-12-14 14:22:36:255]-[COBSCWorker]-Server Start :DataWorker
[I][2025-12-14 14:22:36:337]-[CMachineManage]-[AG24B1552398 00E0-FC55-2398 2150088318AGQB003169] recv, Len:252 ,PkgType:ONT_21_PKG ,MsgType:0
[I][2025-12-14 14:22:36:337]-[COBSCWorker]-[AG24B1552398 00E0-FC55-2398 2150088318AGQB003169] [start] recv,result:0x0
[I][2025-12-14 14:22:36:337]-[COBSCWorker]-[AG24B1552398 00E0-FC55-2398 2150088318AGQB003169] check result:0
[I][2025-12-14 14:22:36:342]-[COBSCWorker]-[AG24B1552398 00E0-FC55-2398 2150088318AGQB003169] [start] send
[I][2025-12-14 14:22:36:623]-[CMachineManage]-[AG24B1552398 00E0-FC55-2398 2150088318AGQB003169] recv, Len:252 ,PkgType:ONT_21_PKG ,MsgType:0
[I][2025-12-14 14:22:36:623]-[COBSCWorker]-[AG24B1552398 00E0-FC55-2398 2150088318AGQB003169] [start] recv,result:0x0
[I][2025-12-14 14:22:36:623]-[COBSCWorker]-[AG24B1552398 00E0-FC55-2398 2150088318AGQB003169] check result:0
[I][2025-12-14 14:22:36:623]-[COBSCWorker]-[AG24B1552398 00E0-FC55-2398 2150088318AGQB003169] [start] send
[I][2025-12-14 14:22:59:311]-[CMachineManage]-[AG24B1552398 00E0-FC55-2398 2150088318AGQB003169] recv, Len:252 , PkgType:ONT_21_PKG ,MsgType:2
[I][2025-12-14 14:22:59:315]-[COBSCWorker]-[AG24B1552398 00E0-FC55-2398 2150088318AGQB003169] [end] recv,result:0x0
[I][2025-12-14 14:22:59:315]-[COBSCWorker]-[AG24B1552398 00E0-FC55-2398 2150088318AGQB003169] [end] send
[I][2025-12-14 14:23:08:435]-[COBSCWorker]-Server stop :MachineManageWorker
[W][2025-12-14 14:23:08:465]-[CMachineManage]-RecvPacket Error: 0 , Len : 11
[I][2025-12-14 14:23:08:465]-[COBSCWorker]-Server stop :CtrlWorker
[I][2025-12-14 14:23:08:487]-[COBSCWorker]-Server stop :DataWorker
[I][2025-12-14 14:43:04:021]-[COBSCWorker]-********************************************************
[I][2025-12-14 14:43:04:021]-[COBSCWorker]-UpgradeType[UpgradeBin] PKGVERSION[] ,Service Started!ID[0xcf5cf7ad] VERSION[], SIP[192.168.100.2] DIP[99.0.0.224] FRSIZE[1200] FRINTERV[10 MS], PKSIZE[77422104] PKCRC[0x7144f2fd],FlashMode[MainAndBack] DeleteCfg[false] ,MachineFilter[8888888888] CheckPolicy[DefaultCheckPolicy] AuditPolicy[DefaultAudit] BomCode[] LogLevel[0].
[I][2025-12-14 14:43:04:026]-[COBSCWorker]-Server Start :MachineManageWorker
[I][2025-12-14 14:43:04:027]-[COBSCWorker]-Server Start :CtrlWorker
[I][2025-12-14 14:43:04:027]-[COBSCWorker]-Server Start :DataWorker
[I][2025-12-14 14:43:22:544]-[COBSCWorker]-Server stop :MachineManageWorker
[W][2025-12-14 14:43:22:569]-[CMachineManage]-RecvPacket Error: 0 , Len : 11
[I][2025-12-14 14:43:22:569]-[COBSCWorker]-Server stop :CtrlWorker
[I][2025-12-14 14:43:22:603]-[COBSCWorker]-Server stop :DataWorker
[I][2025-12-16 10:29:18:450]-[COBSCWorker]-********************************************************
[I][2025-12-16 10:29:18:459]-[COBSCWorker]-UpgradeType[UpgradeBin] PKGVERSION[] ,Service Started!ID[0x548f10ff] VERSION[], SIP[192.168.100.169] DIP[99.0.0.224] FRSIZE[1200] FRINTERV[10 MS], PKSIZE[115403] PKCRC[0x91c40c4f],FlashMode[MainAndBack] DeleteCfg[false] ,MachineFilter[8888888888] CheckPolicy[DefaultCheckPolicy] AuditPolicy[DefaultAudit] BomCode[] LogLevel[0].
[I][2025-12-16 10:29:18:459]-[COBSCWorker]-Server Start :MachineManageWorker
[I][2025-12-16 10:29:18:459]-[COBSCWorker]-Server Start :CtrlWorker
[I][2025-12-16 10:29:18:459]-[COBSCWorker]-Server Start :DataWorker
[I][2025-12-16 10:29:18:465]-[CMachineManage]-[AG24B1552398 00E0-FC55-2398 2150088318AGQB003169] recv, Len:252 ,PkgType:ONT_21_PKG ,MsgType:0
[I][2025-12-16 10:29:18:465]-[COBSCWorker]-[AG24B1552398 00E0-FC55-2398 2150088318AGQB003169] [start] recv,result:0x0
[I][2025-12-16 10:29:18:465]-[COBSCWorker]-[AG24B1552398 00E0-FC55-2398 2150088318AGQB003169] check result:0
[I][2025-12-16 10:29:18:465]-[COBSCWorker]-[AG24B1552398 00E0-FC55-2398 2150088318AGQB003169] [start] send
[I][2025-12-16 10:29:18:745]-[CMachineManage]-[AG24B1552398 00E0-FC55-2398 2150088318AGQB003169] recv, Len:252 ,PkgType:ONT_21_PKG ,MsgType:0
[I][2025-12-16 10:29:18:755]-[COBSCWorker]-[AG24B1552398 00E0-FC55-2398 2150088318AGQB003169] [start] recv,result:0x0
[I][2025-12-16 10:29:18:756]-[COBSCWorker]-[AG24B1552398 00E0-FC55-2398 2150088318AGQB003169] check result:0
[I][2025-12-16 10:29:18:756]-[COBSCWorker]-[AG24B1552398 00E0-FC55-2398 2150088318AGQB003169] [start] send
[I][2025-12-16 10:29:41:472]-[CMachineManage]-[AG24B1552398 00E0-FC55-2398 2150088318AGQB003169] recv, Len:252 , PkgType:ONT_21_PKG ,MsgType:2
[I][2025-12-16 10:29:41:477]-[COBSCWorker]-[AG24B1552398 00E0-FC55-2398 2150088318AGQB003169] [end] recv,result:0x0
[I][2025-12-16 10:29:41:478]-[COBSCWorker]-[AG24B1552398 00E0-FC55-2398 2150088318AGQB003169] [end] send
[I][2025-12-16 10:30:55:230]-[COBSCWorker]-Server stop :MachineManageWorker
[W][2025-12-16 10:30:55:255]-[CMachineManage]-RecvPacket Error: 0 , Len : 11
[I][2025-12-16 10:30:55:255]-[COBSCWorker]-Server stop :CtrlWorker
[I][2025-12-16 10:30:55:285]-[COBSCWorker]-Server stop :DataWorker
[I][2025-12-16 11:43:31:988]-[COBSCWorker]-********************************************************
[I][2025-12-16 11:43:31:988]-[COBSCWorker]-UpgradeType[UpgradeBin] PKGVERSION[] ,Service Started!ID[0x548f10ff] VERSION[], SIP[192.168.100.2] DIP[99.0.0.224] FRSIZE[1200] FRINTERV[10 MS], PKSIZE[115403] PKCRC[0x91c40c4f],FlashMode[MainAndBack] DeleteCfg[false] ,MachineFilter[8888888888] CheckPolicy[DefaultCheckPolicy] AuditPolicy[DefaultAudit] BomCode[] LogLevel[0].
[I][2025-12-16 11:43:31:988]-[COBSCWorker]-Server Start :MachineManageWorker
[I][2025-12-16 11:43:31:988]-[COBSCWorker]-Server Start :CtrlWorker
[I][2025-12-16 11:43:31:988]-[COBSCWorker]-Server Start :DataWorker
[I][2025-12-16 11:43:31:997]-[CMachineManage]-[AG24B1552398 00E0-FC55-2398 2150088318AGQB003169] recv, Len:252 ,PkgType:ONT_21_PKG ,MsgType:0
[I][2025-12-16 11:43:31:997]-[COBSCWorker]-[AG24B1552398 00E0-FC55-2398 2150088318AGQB003169] [start] recv,result:0x0
[I][2025-12-16 11:43:31:997]-[COBSCWorker]-[AG24B1552398 00E0-FC55-2398 2150088318AGQB003169] check result:0
[I][2025-12-16 11:43:31:997]-[COBSCWorker]-[AG24B1552398 00E0-FC55-2398 2150088318AGQB003169] [start] send
[I][2025-12-16 11:43:32:288]-[CMachineManage]-[AG24B1552398 00E0-FC55-2398 2150088318AGQB003169] recv, Len:252 ,PkgType:ONT_21_PKG ,MsgType:0
[I][2025-12-16 11:43:32:288]-[COBSCWorker]-[AG24B1552398 00E0-FC55-2398 2150088318AGQB003169] [start] recv,result:0x0
[I][2025-12-16 11:43:32:288]-[COBSCWorker]-[AG24B1552398 00E0-FC55-2398 2150088318AGQB003169] check result:0
[I][2025-12-16 11:43:32:288]-[COBSCWorker]-[AG24B1552398 00E0-FC55-2398 2150088318AGQB003169] [start] send
[I][2025-12-16 11:43:54:312]-[CMachineManage]-[AG24B1552398 00E0-FC55-2398 2150088318AGQB003169] recv, Len:252 , PkgType:ONT_21_PKG ,MsgType:2
[I][2025-12-16 11:43:54:312]-[COBSCWorker]-[AG24B1552398 00E0-FC55-2398 2150088318AGQB003169] [end] recv,result:0x0
[I][2025-12-16 11:43:54:312]-[COBSCWorker]-[AG24B1552398 00E0-FC55-2398 2150088318AGQB003169] [end] send
[I][2025-12-16 11:44:17:018]-[COBSCWorker]-Server stop :MachineManageWorker
[W][2025-12-16 11:44:17:048]-[CMachineManage]-RecvPacket Error: 0 , Len : 11
[I][2025-12-16 11:44:17:048]-[COBSCWorker]-Server stop :CtrlWorker
[I][2025-12-16 11:44:17:088]-[COBSCWorker]-Server stop :DataWorker
